---
source: packages/message-predicates/contract-message-predicate/src/lib.rs
assertion_line: 52
expression: serialized
---
1a40500091000020614400096148000342411480504cc04c72580020295134165b501012615c000572680002595d7001616172005b61a010616572455b6400125b5c100b240400002400000059c9f9bacd44c394f08f8279531909080d8cfb7d2a40441f1ddb3a8bbb244422
