---
source: packages/message-predicates/contract-message-predicate/src/lib.rs
assertion_line: 60
expression: serialized
---
1a40500091000050504500205049102461540242614c02485050c02c60453020604940042d45540a24000000000000000000000f70726f636573735f6d657373616765
